  Determining projects to restore...
  Restored C:\Users\HAMID-PC\Desktop\SampleProjects\Decorative.Store\BackEndProject\src\Core\Store.Domain\Store.Domain.csproj (in 495 ms).
  Restored C:\Users\HAMID-PC\Desktop\SampleProjects\Decorative.Store\BackEndProject\src\Cross-Cutting\Store.Common\Store.Common.csproj (in 6.39 sec).
  Restored C:\Users\HAMID-PC\Desktop\SampleProjects\Decorative.Store\BackEndProject\src\Core\Store.Application\Store.Application.csproj (in 24.57 sec).
  Restored C:\Users\HAMID-PC\Desktop\SampleProjects\Decorative.Store\BackEndProject\src\Presentation\Store.WebFramework\Store.WebFramework.csproj (in 35.28 sec).
  Restored C:\Users\HAMID-PC\Desktop\SampleProjects\Decorative.Store\BackEndProject\src\Infrastructure\Store.Infrastructure\Store.Infrastructure.csproj (in 50.95 sec).
  Restored C:\Users\HAMID-PC\Desktop\SampleProjects\Decorative.Store\BackEndProject\src\Infrastructure\Store.Infrastructure.Persistence\Store.Infrastructure.Persistence.csproj (in 43.79 sec).
  Restored C:\Users\HAMID-PC\Desktop\SampleProjects\Decorative.Store\BackEndProject\src\Presentation\Store.Api\Store.Api.csproj (in 1.14 min).
C:\Users\HAMID-PC\Desktop\SampleProjects\Decorative.Store\BackEndProject\src\Core\Store.Domain\Dtos\BlogPostCategories\GetAllBlogPostCategoryRequestDto.cs(16,6): error CS0246: The type or namespace name 'QueryFilterAttribute' could not be found (are you missing a using directive or an assembly reference?) [C:\Users\HAMID-PC\Desktop\SampleProjects\Decorative.Store\BackEndProject\src\Core\Store.Domain\Store.Domain.csproj]
C:\Users\HAMID-PC\Desktop\SampleProjects\Decorative.Store\BackEndProject\src\Core\Store.Domain\Dtos\BlogPostCategories\GetAllBlogPostCategoryRequestDto.cs(16,6): error CS0246: The type or namespace name 'QueryFilter' could not be found (are you missing a using directive or an assembly reference?) [C:\Users\HAMID-PC\Desktop\SampleProjects\Decorative.Store\BackEndProject\src\Core\Store.Domain\Store.Domain.csproj]
C:\Users\HAMID-PC\Desktop\SampleProjects\Decorative.Store\BackEndProject\src\Core\Store.Domain\Entities\OrderItemProperty.cs(60,41): warning CS0108: 'NumericOrderItemProperty.Create(int, int, PropertyType)' hides inherited member 'OrderItemProperty.Create(int, int, PropertyType)'. Use the new keyword if hiding was intended. [C:\Users\HAMID-PC\Desktop\SampleProjects\Decorative.Store\BackEndProject\src\Core\Store.Domain\Store.Domain.csproj]
C:\Users\HAMID-PC\Desktop\SampleProjects\Decorative.Store\BackEndProject\src\Cross-Cutting\Store.Common\Utilities\Assert.cs(21,73): warning CS8625: Cannot convert null literal to non-nullable reference type. [C:\Users\HAMID-PC\Desktop\SampleProjects\Decorative.Store\BackEndProject\src\Cross-Cutting\Store.Common\Store.Common.csproj]
C:\Users\HAMID-PC\Desktop\SampleProjects\Decorative.Store\BackEndProject\src\Cross-Cutting\Store.Common\Utilities\Assert.cs(21,96): warning CS8625: Cannot convert null literal to non-nullable reference type. [C:\Users\HAMID-PC\Desktop\SampleProjects\Decorative.Store\BackEndProject\src\Cross-Cutting\Store.Common\Store.Common.csproj]
C:\Users\HAMID-PC\Desktop\SampleProjects\Decorative.Store\BackEndProject\src\Cross-Cutting\Store.Common\Exceptions\AppException.cs(48,53): warning CS8625: Cannot convert null literal to non-nullable reference type. [C:\Users\HAMID-PC\Desktop\SampleProjects\Decorative.Store\BackEndProject\src\Cross-Cutting\Store.Common\Store.Common.csproj]
C:\Users\HAMID-PC\Desktop\SampleProjects\Decorative.Store\BackEndProject\src\Cross-Cutting\Store.Common\Exceptions\AppException.cs(53,53): warning CS8625: Cannot convert null literal to non-nullable reference type. [C:\Users\HAMID-PC\Desktop\SampleProjects\Decorative.Store\BackEndProject\src\Cross-Cutting\Store.Common\Store.Common.csproj]
C:\Users\HAMID-PC\Desktop\SampleProjects\Decorative.Store\BackEndProject\src\Cross-Cutting\Store.Common\Extensions\EnumExtensions.cs(27,18): warning CS8602: Dereference of a possibly null reference. [C:\Users\HAMID-PC\Desktop\SampleProjects\Decorative.Store\BackEndProject\src\Cross-Cutting\Store.Common\Store.Common.csproj]
C:\Users\HAMID-PC\Desktop\SampleProjects\Decorative.Store\BackEndProject\src\Cross-Cutting\Store.Common\Extensions\EnumExtensions.cs(27,41): warning CS8604: Possible null reference argument for parameter 'flag' in 'bool Enum.HasFlag(Enum flag)'. [C:\Users\HAMID-PC\Desktop\SampleProjects\Decorative.Store\BackEndProject\src\Cross-Cutting\Store.Common\Store.Common.csproj]
  Store.Common -> C:\Users\HAMID-PC\Desktop\SampleProjects\Decorative.Store\BackEndProject\src\Cross-Cutting\Store.Common\bin\Debug\net10.0\Store.Common.dll
C:\Users\HAMID-PC\Desktop\SampleProjects\Decorative.Store\BackEndProject\src\Presentation\Store.WebFramework\Swagger\UnauthorizedResponsesOperationFilter.cs(25,13): warning CS8602: Dereference of a possibly null reference. [C:\Users\HAMID-PC\Desktop\SampleProjects\Decorative.Store\BackEndProject\src\Presentation\Store.WebFramework\Store.WebFramework.csproj]
C:\Users\HAMID-PC\Desktop\SampleProjects\Decorative.Store\BackEndProject\src\Presentation\Store.WebFramework\Api\ApiResult.cs(63,67): warning CS8600: Converting null literal or possible null value to non-nullable type. [C:\Users\HAMID-PC\Desktop\SampleProjects\Decorative.Store\BackEndProject\src\Presentation\Store.WebFramework\Store.WebFramework.csproj]
C:\Users\HAMID-PC\Desktop\SampleProjects\Decorative.Store\BackEndProject\src\Presentation\Store.WebFramework\Api\ApiResult.cs(78,74): warning CS8600: Converting null literal or possible null value to non-nullable type. [C:\Users\HAMID-PC\Desktop\SampleProjects\Decorative.Store\BackEndProject\src\Presentation\Store.WebFramework\Store.WebFramework.csproj]
C:\Users\HAMID-PC\Desktop\SampleProjects\Decorative.Store\BackEndProject\src\Presentation\Store.WebFramework\Swagger\SwaggerConfigurationExtensions.cs(72,32): warning CS8604: Possible null reference argument for parameter 'element' in 'IEnumerable<ApiVersionAttribute> CustomAttributeExtensions.GetCustomAttributes<ApiVersionAttribute>(MemberInfo element, bool inherit)'. [C:\Users\HAMID-PC\Desktop\SampleProjects\Decorative.Store\BackEndProject\src\Presentation\Store.WebFramework\Store.WebFramework.csproj]
C:\Users\HAMID-PC\Desktop\SampleProjects\Decorative.Store\BackEndProject\src\Presentation\Store.WebFramework\Swagger\SwaggerConfigurationExtensions.cs(84,20): warning CS8603: Possible null reference return. [C:\Users\HAMID-PC\Desktop\SampleProjects\Decorative.Store\BackEndProject\src\Presentation\Store.WebFramework\Store.WebFramework.csproj]
C:\Users\HAMID-PC\Desktop\SampleProjects\Decorative.Store\BackEndProject\src\Presentation\Store.WebFramework\Swagger\SwaggerJsonOnlyOperationFilter.cs(28,34): warning CS8602: Dereference of a possibly null reference. [C:\Users\HAMID-PC\Desktop\SampleProjects\Decorative.Store\BackEndProject\src\Presentation\Store.WebFramework\Store.WebFramework.csproj]
  Store.WebFramework -> C:\Users\HAMID-PC\Desktop\SampleProjects\Decorative.Store\BackEndProject\src\Presentation\Store.WebFramework\bin\Debug\net10.0\Store.WebFramework.dll

Build FAILED.

C:\Users\HAMID-PC\Desktop\SampleProjects\Decorative.Store\BackEndProject\src\Core\Store.Domain\Entities\OrderItemProperty.cs(60,41): warning CS0108: 'NumericOrderItemProperty.Create(int, int, PropertyType)' hides inherited member 'OrderItemProperty.Create(int, int, PropertyType)'. Use the new keyword if hiding was intended. [C:\Users\HAMID-PC\Desktop\SampleProjects\Decorative.Store\BackEndProject\src\Core\Store.Domain\Store.Domain.csproj]
C:\Users\HAMID-PC\Desktop\SampleProjects\Decorative.Store\BackEndProject\src\Cross-Cutting\Store.Common\Utilities\Assert.cs(21,73): warning CS8625: Cannot convert null literal to non-nullable reference type. [C:\Users\HAMID-PC\Desktop\SampleProjects\Decorative.Store\BackEndProject\src\Cross-Cutting\Store.Common\Store.Common.csproj]
C:\Users\HAMID-PC\Desktop\SampleProjects\Decorative.Store\BackEndProject\src\Cross-Cutting\Store.Common\Utilities\Assert.cs(21,96): warning CS8625: Cannot convert null literal to non-nullable reference type. [C:\Users\HAMID-PC\Desktop\SampleProjects\Decorative.Store\BackEndProject\src\Cross-Cutting\Store.Common\Store.Common.csproj]
C:\Users\HAMID-PC\Desktop\SampleProjects\Decorative.Store\BackEndProject\src\Cross-Cutting\Store.Common\Exceptions\AppException.cs(48,53): warning CS8625: Cannot convert null literal to non-nullable reference type. [C:\Users\HAMID-PC\Desktop\SampleProjects\Decorative.Store\BackEndProject\src\Cross-Cutting\Store.Common\Store.Common.csproj]
C:\Users\HAMID-PC\Desktop\SampleProjects\Decorative.Store\BackEndProject\src\Cross-Cutting\Store.Common\Exceptions\AppException.cs(53,53): warning CS8625: Cannot convert null literal to non-nullable reference type. [C:\Users\HAMID-PC\Desktop\SampleProjects\Decorative.Store\BackEndProject\src\Cross-Cutting\Store.Common\Store.Common.csproj]
C:\Users\HAMID-PC\Desktop\SampleProjects\Decorative.Store\BackEndProject\src\Cross-Cutting\Store.Common\Extensions\EnumExtensions.cs(27,18): warning CS8602: Dereference of a possibly null reference. [C:\Users\HAMID-PC\Desktop\SampleProjects\Decorative.Store\BackEndProject\src\Cross-Cutting\Store.Common\Store.Common.csproj]
C:\Users\HAMID-PC\Desktop\SampleProjects\Decorative.Store\BackEndProject\src\Cross-Cutting\Store.Common\Extensions\EnumExtensions.cs(27,41): warning CS8604: Possible null reference argument for parameter 'flag' in 'bool Enum.HasFlag(Enum flag)'. [C:\Users\HAMID-PC\Desktop\SampleProjects\Decorative.Store\BackEndProject\src\Cross-Cutting\Store.Common\Store.Common.csproj]
C:\Users\HAMID-PC\Desktop\SampleProjects\Decorative.Store\BackEndProject\src\Presentation\Store.WebFramework\Swagger\UnauthorizedResponsesOperationFilter.cs(25,13): warning CS8602: Dereference of a possibly null reference. [C:\Users\HAMID-PC\Desktop\SampleProjects\Decorative.Store\BackEndProject\src\Presentation\Store.WebFramework\Store.WebFramework.csproj]
C:\Users\HAMID-PC\Desktop\SampleProjects\Decorative.Store\BackEndProject\src\Presentation\Store.WebFramework\Api\ApiResult.cs(63,67): warning CS8600: Converting null literal or possible null value to non-nullable type. [C:\Users\HAMID-PC\Desktop\SampleProjects\Decorative.Store\BackEndProject\src\Presentation\Store.WebFramework\Store.WebFramework.csproj]
C:\Users\HAMID-PC\Desktop\SampleProjects\Decorative.Store\BackEndProject\src\Presentation\Store.WebFramework\Api\ApiResult.cs(78,74): warning CS8600: Converting null literal or possible null value to non-nullable type. [C:\Users\HAMID-PC\Desktop\SampleProjects\Decorative.Store\BackEndProject\src\Presentation\Store.WebFramework\Store.WebFramework.csproj]
C:\Users\HAMID-PC\Desktop\SampleProjects\Decorative.Store\BackEndProject\src\Presentation\Store.WebFramework\Swagger\SwaggerConfigurationExtensions.cs(72,32): warning CS8604: Possible null reference argument for parameter 'element' in 'IEnumerable<ApiVersionAttribute> CustomAttributeExtensions.GetCustomAttributes<ApiVersionAttribute>(MemberInfo element, bool inherit)'. [C:\Users\HAMID-PC\Desktop\SampleProjects\Decorative.Store\BackEndProject\src\Presentation\Store.WebFramework\Store.WebFramework.csproj]
C:\Users\HAMID-PC\Desktop\SampleProjects\Decorative.Store\BackEndProject\src\Presentation\Store.WebFramework\Swagger\SwaggerConfigurationExtensions.cs(84,20): warning CS8603: Possible null reference return. [C:\Users\HAMID-PC\Desktop\SampleProjects\Decorative.Store\BackEndProject\src\Presentation\Store.WebFramework\Store.WebFramework.csproj]
C:\Users\HAMID-PC\Desktop\SampleProjects\Decorative.Store\BackEndProject\src\Presentation\Store.WebFramework\Swagger\SwaggerJsonOnlyOperationFilter.cs(28,34): warning CS8602: Dereference of a possibly null reference. [C:\Users\HAMID-PC\Desktop\SampleProjects\Decorative.Store\BackEndProject\src\Presentation\Store.WebFramework\Store.WebFramework.csproj]
C:\Users\HAMID-PC\Desktop\SampleProjects\Decorative.Store\BackEndProject\src\Core\Store.Domain\Dtos\BlogPostCategories\GetAllBlogPostCategoryRequestDto.cs(16,6): error CS0246: The type or namespace name 'QueryFilterAttribute' could not be found (are you missing a using directive or an assembly reference?) [C:\Users\HAMID-PC\Desktop\SampleProjects\Decorative.Store\BackEndProject\src\Core\Store.Domain\Store.Domain.csproj]
C:\Users\HAMID-PC\Desktop\SampleProjects\Decorative.Store\BackEndProject\src\Core\Store.Domain\Dtos\BlogPostCategories\GetAllBlogPostCategoryRequestDto.cs(16,6): error CS0246: The type or namespace name 'QueryFilter' could not be found (are you missing a using directive or an assembly reference?) [C:\Users\HAMID-PC\Desktop\SampleProjects\Decorative.Store\BackEndProject\src\Core\Store.Domain\Store.Domain.csproj]
    13 Warning(s)
    2 Error(s)

Time Elapsed 00:02:21.64
